[2026-10-02T12:13:38.453Z] start: 1 gig images planned (shard 0/1)
[2026-10-02T12:13:43.961Z] WARN watermark may exceed crop on gig-graduation-1.jpg: needs 70px, cropped 46px
[2026-10-02T12:13:43.965Z] saved: gig-graduation-1.jpg (1024x576 -> 1024x530, 43453B)
[2026-10-02T12:13:47.979Z] done: saved=1 skipped=0 failed=0
[2026-10-02T12:14:36.767Z] start: 33 gig images planned (shard 0/1)
[2026-10-02T12:14:36.778Z] skip (exists): gig-graduation-1.jpg
[2026-10-02T12:14:39.749Z] saved: gig-graduation-2.jpg (1024x576 -> 1024x530, 39193B)
[2026-10-02T12:14:44.212Z] quota 402: gig-graduation-3.jpg (attempt 1) - backing off 75s
[2026-10-02T12:16:03.286Z] WARN watermark may exceed crop on gig-graduation-3.jpg: needs 59px, cropped 46px
[2026-10-02T12:16:03.293Z] saved: gig-graduation-3.jpg (1024x576 -> 1024x530, 47226B)
[2026-10-02T12:16:07.792Z] quota 402: gig-gala-1.jpg (attempt 1) - backing off 75s
[2026-10-02T12:17:26.981Z] saved: gig-gala-1.jpg (1024x576 -> 1024x530, 45523B)
[2026-10-02T12:17:31.465Z] quota 402: gig-gala-2.jpg (attempt 1) - backing off 75s
[2026-10-02T12:18:50.800Z] saved: gig-gala-2.jpg (1024x576 -> 1024x530, 32563B)
[2026-10-02T12:18:55.270Z] quota 402: gig-gala-3.jpg (attempt 1) - backing off 75s
[2026-10-02T12:20:17.077Z] saved: gig-gala-3.jpg (1024x576 -> 1024x530, 29672B)
[2026-10-02T12:20:21.541Z] quota 402: gig-portrait-1.jpg (attempt 1) - backing off 75s
[2026-10-02T12:20:27.741Z] start: 45 gig images planned (shard 0/1)
[2026-10-02T12:20:27.752Z] skip (exists): gig-graduation-1.jpg
[2026-10-02T12:20:27.756Z] skip (exists): gig-graduation-2.jpg
[2026-10-02T12:20:27.760Z] skip (exists): gig-graduation-3.jpg
[2026-10-02T12:20:27.769Z] skip (exists): gig-gala-1.jpg
[2026-10-02T12:20:27.773Z] skip (exists): gig-gala-2.jpg
[2026-10-02T12:20:27.777Z] skip (exists): gig-gala-3.jpg
[2026-10-02T12:20:28.362Z] quota 402: gig-portrait-1.jpg (attempt 1) - backing off 75s
[2026-10-02T12:21:49.981Z] saved: gig-portrait-1.jpg (1024x576 -> 1024x530, 28451B)
[2026-10-02T12:21:54.455Z] quota 402: gig-portrait-2.jpg (attempt 1) - backing off 75s
[2026-10-02T12:23:13.595Z] saved: gig-portrait-2.jpg (1024x576 -> 1024x530, 32369B)
[2026-10-02T12:23:18.286Z] quota 402: gig-portrait-3.jpg (attempt 1) - backing off 75s
[2026-10-02T12:24:36.969Z] saved: gig-portrait-3.jpg (1024x576 -> 1024x530, 30896B)
[2026-10-02T12:24:41.443Z] quota 402: gig-wedding-1.jpg (attempt 1) - backing off 75s
[2026-10-02T12:25:59.736Z] saved: gig-wedding-1.jpg (1024x576 -> 1024x530, 31556B)
[2026-10-02T12:26:04.208Z] quota 402: gig-wedding-2.jpg (attempt 1) - backing off 75s
[2026-10-02T12:27:22.943Z] saved: gig-wedding-2.jpg (1024x576 -> 1024x530, 39928B)
[2026-10-02T12:27:27.406Z] quota 402: gig-wedding-3.jpg (attempt 1) - backing off 75s
[2026-10-02T12:28:46.778Z] WARN watermark may exceed crop on gig-wedding-3.jpg: needs 70px, cropped 46px
[2026-10-02T12:28:46.780Z] saved: gig-wedding-3.jpg (1024x576 -> 1024x530, 40393B)
[2026-10-02T12:28:51.312Z] quota 402: gig-video-1.jpg (attempt 1) - backing off 75s
[2026-10-02T12:30:10.776Z] saved: gig-video-1.jpg (1024x576 -> 1024x530, 33679B)
[2026-10-02T12:30:15.240Z] quota 402: gig-video-2.jpg (attempt 1) - backing off 75s
[2026-10-02T12:31:33.097Z] saved: gig-video-2.jpg (1024x576 -> 1024x530, 44261B)
[2026-10-02T12:31:37.626Z] quota 402: gig-video-3.jpg (attempt 1) - backing off 75s
[2026-10-02T12:32:55.373Z] saved: gig-video-3.jpg (1024x576 -> 1024x530, 28701B)
[2026-10-02T12:32:59.833Z] quota 402: gig-product-1.jpg (attempt 1) - backing off 75s
[2026-10-02T12:34:17.847Z] WARN watermark may exceed crop on gig-product-1.jpg: needs 70px, cropped 46px
[2026-10-02T12:34:17.850Z] saved: gig-product-1.jpg (1024x576 -> 1024x530, 22151B)
[2026-10-02T12:34:22.315Z] quota 402: gig-product-2.jpg (attempt 1) - backing off 75s
[2026-10-02T12:35:42.286Z] saved: gig-product-2.jpg (1024x576 -> 1024x530, 28755B)
[2026-10-02T12:35:46.775Z] quota 402: gig-product-3.jpg (attempt 1) - backing off 75s
[2026-10-02T12:37:05.249Z] saved: gig-product-3.jpg (1024x576 -> 1024x530, 29203B)
[2026-10-02T12:37:09.730Z] quota 402: gig-realestate-1.jpg (attempt 1) - backing off 75s
[2026-10-02T12:38:28.044Z] saved: gig-realestate-1.jpg (1024x576 -> 1024x530, 51979B)
[2026-10-02T12:38:32.493Z] quota 402: gig-realestate-2.jpg (attempt 1) - backing off 75s
[2026-10-02T12:39:51.446Z] saved: gig-realestate-2.jpg (1024x576 -> 1024x530, 26793B)
[2026-10-02T12:39:55.927Z] quota 402: gig-realestate-3.jpg (attempt 1) - backing off 75s
[2026-10-02T12:41:14.972Z] WARN watermark may exceed crop on gig-realestate-3.jpg: needs 70px, cropped 46px
[2026-10-02T12:41:14.973Z] saved: gig-realestate-3.jpg (1024x576 -> 1024x530, 45077B)
[2026-10-02T12:41:19.461Z] quota 402: gig-food-1.jpg (attempt 1) - backing off 75s
[2026-10-02T12:42:38.595Z] saved: gig-food-1.jpg (1024x576 -> 1024x530, 36067B)
[2026-10-02T12:42:43.093Z] quota 402: gig-food-2.jpg (attempt 1) - backing off 75s
[2026-10-05T12:17:38.637Z] start: 45 gig images planned (shard 0/1)
[2026-10-05T12:17:38.646Z] skip (exists): gig-graduation-1.jpg
[2026-10-05T12:17:38.650Z] skip (exists): gig-graduation-2.jpg
[2026-10-05T12:17:38.655Z] skip (exists): gig-graduation-3.jpg
[2026-10-05T12:17:38.662Z] skip (exists): gig-gala-1.jpg
[2026-10-05T12:17:38.667Z] skip (exists): gig-gala-2.jpg
[2026-10-05T12:17:38.671Z] skip (exists): gig-gala-3.jpg
[2026-10-05T12:17:38.679Z] skip (exists): gig-portrait-1.jpg
[2026-10-05T12:17:38.683Z] skip (exists): gig-portrait-2.jpg
[2026-10-05T12:17:38.687Z] skip (exists): gig-portrait-3.jpg
[2026-10-05T12:17:38.688Z] skip (exists): gig-wedding-1.jpg
[2026-10-05T12:17:38.689Z] skip (exists): gig-wedding-2.jpg
[2026-10-05T12:17:38.689Z] skip (exists): gig-wedding-3.jpg
[2026-10-05T12:17:38.690Z] skip (exists): gig-video-1.jpg
[2026-10-05T12:17:38.695Z] skip (exists): gig-video-2.jpg
[2026-10-05T12:17:38.697Z] skip (exists): gig-video-3.jpg
[2026-10-05T12:17:38.698Z] skip (exists): gig-product-1.jpg
[2026-10-05T12:17:38.699Z] skip (exists): gig-product-2.jpg
[2026-10-05T12:17:38.699Z] skip (exists): gig-product-3.jpg
[2026-10-05T12:17:38.700Z] skip (exists): gig-realestate-1.jpg
[2026-10-05T12:17:38.701Z] skip (exists): gig-realestate-2.jpg
[2026-10-05T12:17:38.701Z] skip (exists): gig-realestate-3.jpg
[2026-10-05T12:17:38.702Z] skip (exists): gig-food-1.jpg
[2026-10-05T12:17:43.180Z] saved: gig-food-2.jpg (1024x576 -> 1024x530, 31927B)
[2026-10-05T12:17:47.661Z] quota 402: gig-food-3.jpg (attempt 1) - backing off 75s
[2026-10-05T12:18:57.457Z] start: 45 gig images planned (shard 0/1)
[2026-10-05T12:18:57.463Z] skip (exists): gig-graduation-1.jpg
[2026-10-05T12:18:57.465Z] skip (exists): gig-graduation-2.jpg
[2026-10-05T12:18:57.467Z] skip (exists): gig-graduation-3.jpg
[2026-10-05T12:18:57.469Z] skip (exists): gig-gala-1.jpg
[2026-10-05T12:18:57.480Z] skip (exists): gig-gala-2.jpg
[2026-10-05T12:18:57.482Z] skip (exists): gig-gala-3.jpg
[2026-10-05T12:18:57.483Z] skip (exists): gig-portrait-1.jpg
[2026-10-05T12:18:57.485Z] skip (exists): gig-portrait-2.jpg
[2026-10-05T12:18:57.493Z] skip (exists): gig-portrait-3.jpg
[2026-10-05T12:18:57.496Z] skip (exists): gig-wedding-1.jpg
[2026-10-05T12:18:57.497Z] skip (exists): gig-wedding-2.jpg
[2026-10-05T12:18:57.498Z] skip (exists): gig-wedding-3.jpg
[2026-10-05T12:18:57.499Z] skip (exists): gig-video-1.jpg
[2026-10-05T12:18:57.500Z] skip (exists): gig-video-2.jpg
[2026-10-05T12:18:57.501Z] skip (exists): gig-video-3.jpg
[2026-10-05T12:18:57.501Z] skip (exists): gig-product-1.jpg
[2026-10-05T12:18:57.502Z] skip (exists): gig-product-2.jpg
[2026-10-05T12:18:57.508Z] skip (exists): gig-product-3.jpg
[2026-10-05T12:18:57.509Z] skip (exists): gig-realestate-1.jpg
[2026-10-05T12:18:57.510Z] skip (exists): gig-realestate-2.jpg
[2026-10-05T12:18:57.511Z] skip (exists): gig-realestate-3.jpg
[2026-10-05T12:18:57.512Z] skip (exists): gig-food-1.jpg
[2026-10-05T12:18:57.512Z] skip (exists): gig-food-2.jpg
[2026-10-05T12:19:01.583Z] saved: gig-food-3.jpg (1024x576 -> 1024x530, 32971B)
[2026-10-05T12:19:03.345Z] saved: gig-food-3.jpg (1024x576 -> 1024x530, 32971B)
[2026-10-05T12:19:06.061Z] quota 402: gig-corporate-1.jpg (attempt 1) - backing off 75s
[2026-10-05T12:19:07.809Z] quota 402: gig-corporate-1.jpg (attempt 1) - backing off 75s
[2026-10-05T12:20:24.994Z] saved: gig-corporate-1.jpg (1024x576 -> 1024x530, 43253B)
[2026-10-05T12:20:29.482Z] quota 402: gig-corporate-2.jpg (attempt 1) - backing off 75s
[2026-10-05T12:21:47.782Z] saved: gig-corporate-2.jpg (1024x576 -> 1024x530, 34560B)
[2026-10-05T12:21:52.398Z] quota 402: gig-corporate-3.jpg (attempt 1) - backing off 75s
[2026-10-05T12:23:11.713Z] saved: gig-corporate-3.jpg (1024x576 -> 1024x530, 38767B)
[2026-10-05T12:23:16.210Z] quota 402: gig-photobooth-1.jpg (attempt 1) - backing off 75s
[2026-10-05T12:24:34.952Z] saved: gig-photobooth-1.jpg (1024x576 -> 1024x530, 38351B)
[2026-10-05T12:24:39.478Z] quota 402: gig-photobooth-2.jpg (attempt 1) - backing off 75s
[2026-10-05T12:25:57.686Z] saved: gig-photobooth-2.jpg (1024x576 -> 1024x530, 29822B)
[2026-10-05T12:26:02.201Z] quota 402: gig-photobooth-3.jpg (attempt 1) - backing off 75s
[2026-10-05T12:27:20.830Z] saved: gig-photobooth-3.jpg (1024x576 -> 1024x530, 38508B)
[2026-10-05T12:27:25.338Z] quota 402: gig-drone-1.jpg (attempt 1) - backing off 75s
[2026-10-05T12:28:44.660Z] saved: gig-drone-1.jpg (1024x576 -> 1024x530, 33771B)
[2026-10-05T12:28:49.110Z] quota 402: gig-drone-2.jpg (attempt 1) - backing off 75s
[2026-10-05T12:30:07.501Z] saved: gig-drone-2.jpg (1024x576 -> 1024x530, 43482B)
[2026-10-05T12:30:11.985Z] quota 402: gig-drone-3.jpg (attempt 1) - backing off 75s
[2026-10-05T12:31:30.786Z] saved: gig-drone-3.jpg (1024x576 -> 1024x530, 35912B)
[2026-10-05T12:31:35.268Z] quota 402: iphone-window-light-1.jpg (attempt 1) - backing off 75s
[2026-10-05T12:32:54.015Z] WARN watermark may exceed crop on iphone-window-light-1.jpg: needs 70px, cropped 46px
[2026-10-05T12:32:54.017Z] saved: iphone-window-light-1.jpg (1024x576 -> 1024x530, 30713B)
[2026-10-05T12:32:58.496Z] quota 402: iphone-window-light-2.jpg (attempt 1) - backing off 75s
[2026-10-05T12:34:17.494Z] WARN watermark may exceed crop on iphone-window-light-2.jpg: needs 70px, cropped 46px
[2026-10-05T12:34:17.501Z] saved: iphone-window-light-2.jpg (1024x576 -> 1024x530, 39682B)
[2026-10-05T12:34:21.987Z] quota 402: iphone-window-light-3.jpg (attempt 1) - backing off 75s
[2026-10-05T12:35:43.613Z] WARN watermark may exceed crop on iphone-window-light-3.jpg: needs 70px, cropped 46px
[2026-10-05T12:35:43.621Z] saved: iphone-window-light-3.jpg (1024x576 -> 1024x530, 30696B)
[2026-10-05T12:35:48.177Z] quota 402: desk-setup-ring-light-1.jpg (attempt 1) - backing off 75s
[2026-10-05T12:37:08.471Z] saved: desk-setup-ring-light-1.jpg (1024x576 -> 1024x530, 41879B)
[2026-10-05T12:37:12.954Z] quota 402: desk-setup-ring-light-2.jpg (attempt 1) - backing off 75s
[2026-10-05T12:38:32.322Z] WARN watermark may exceed crop on desk-setup-ring-light-2.jpg: needs 70px, cropped 46px
[2026-10-05T12:38:32.324Z] saved: desk-setup-ring-light-2.jpg (1024x576 -> 1024x530, 36798B)
[2026-10-05T12:38:36.805Z] quota 402: desk-setup-ring-light-3.jpg (attempt 1) - backing off 75s
[2026-10-05T12:39:56.914Z] saved: desk-setup-ring-light-3.jpg (1024x576 -> 1024x530, 29974B)
[2026-10-05T12:40:01.414Z] quota 402: drone-aerial-malaysia-1.jpg (attempt 1) - backing off 75s
[2026-10-05T12:41:20.223Z] saved: drone-aerial-malaysia-1.jpg (1024x576 -> 1024x530, 40034B)
[2026-10-05T12:41:24.700Z] quota 402: drone-aerial-malaysia-2.jpg (attempt 1) - backing off 75s
[2026-10-05T12:42:44.234Z] WARN watermark may exceed crop on drone-aerial-malaysia-2.jpg: needs 70px, cropped 46px
[2026-10-05T12:42:44.236Z] saved: drone-aerial-malaysia-2.jpg (1024x576 -> 1024x530, 41222B)
[2026-10-05T12:42:48.892Z] quota 402: drone-aerial-malaysia-3.jpg (attempt 1) - backing off 75s
[2026-10-05T12:44:08.037Z] saved: drone-aerial-malaysia-3.jpg (1024x576 -> 1024x530, 54449B)
[2026-10-05T12:44:12.508Z] quota 402: beauty-review-setup-1.jpg (attempt 1) - backing off 75s
[2026-10-05T12:45:31.651Z] WARN watermark may exceed crop on beauty-review-setup-1.jpg: needs 70px, cropped 46px
[2026-10-05T12:45:31.654Z] saved: beauty-review-setup-1.jpg (1024x576 -> 1024x530, 33969B)
[2026-10-05T12:45:36.134Z] quota 402: beauty-review-setup-2.jpg (attempt 1) - backing off 75s
[2026-10-05T12:46:56.007Z] saved: beauty-review-setup-2.jpg (1024x576 -> 1024x530, 32976B)
[2026-10-05T12:47:00.466Z] quota 402: beauty-review-setup-3.jpg (attempt 1) - backing off 75s
[2026-10-05T12:48:20.208Z] WARN watermark may exceed crop on beauty-review-setup-3.jpg: needs 70px, cropped 46px
[2026-10-05T12:48:20.211Z] saved: beauty-review-setup-3.jpg (1024x576 -> 1024x530, 34989B)
[2026-10-05T12:48:24.218Z] done: saved=23 skipped=22 failed=0
