[2026-10-05T17:09:25.527Z] saved: nikon-z5iic-canon-r8-mark-ii-buy-window-malaysia-2026.jpg (1024x576 -> 1024x530, 33696B)
[2026-10-05T17:09:25.949Z] quota 402: nikon-z5iic-canon-r8-mark-ii-specs-compare.jpg (attempt 1) - backing off 75s
[2026-10-05T17:10:44.450Z] saved: nikon-z5iic-canon-r8-mark-ii-specs-compare.jpg (1024x576 -> 1024x530, 35285B)
[2026-10-05T17:10:44.901Z] quota 402: nikon-z5iic-canon-r8-mark-ii-used-buy.jpg (attempt 1) - backing off 75s
[2026-10-05T17:12:02.138Z] http 500: nikon-z5iic-canon-r8-mark-ii-used-buy.jpg (attempt 2)
[2026-10-05T17:12:10.597Z] quota 402: nikon-z5iic-canon-r8-mark-ii-used-buy.jpg (attempt 3) - backing off 75s
[2026-10-05T17:13:29.380Z] saved: nikon-z5iic-canon-r8-mark-ii-used-buy.jpg (1024x576 -> 1024x530, 33396B)
[2026-10-05T17:13:29.819Z] quota 402: nikon-z5iic-canon-r8-mark-ii-1111-sale.jpg (attempt 1) - backing off 75s
[2026-10-05T17:14:48.543Z] saved: nikon-z5iic-canon-r8-mark-ii-1111-sale.jpg (1024x576 -> 1024x530, 32066B)
[2026-10-05T17:14:48.989Z] quota 402: nikon-z5iic-canon-r8-mark-ii-convocation-gig.jpg (attempt 1) - backing off 75s
[2026-10-05T17:16:08.335Z] saved: nikon-z5iic-canon-r8-mark-ii-convocation-gig.jpg (1024x576 -> 1024x530, 37471B)
[2026-10-05T17:16:08.336Z] done: ok=5 failed=0 force=true seedExtra=0
[2026-10-05T17:18:03.569Z] saved: nikon-z5iic-canon-r8-mark-ii-buy-window-malaysia-2026.jpg (1024x576 -> 1024x530, 39312B)
[2026-10-05T17:18:04.004Z] quota 402: nikon-z5iic-canon-r8-mark-ii-specs-compare.jpg (attempt 1) - backing off 75s
[2026-10-05T17:19:23.796Z] saved: nikon-z5iic-canon-r8-mark-ii-specs-compare.jpg (1024x576 -> 1024x530, 33888B)
[2026-10-05T17:19:24.227Z] quota 402: nikon-z5iic-canon-r8-mark-ii-used-buy.jpg (attempt 1) - backing off 75s
[2026-10-05T17:20:43.604Z] saved: nikon-z5iic-canon-r8-mark-ii-used-buy.jpg (1024x576 -> 1024x530, 36732B)
[2026-10-05T17:20:44.043Z] quota 402: nikon-z5iic-canon-r8-mark-ii-1111-sale.jpg (attempt 1) - backing off 75s
[2026-10-05T17:22:02.501Z] saved: nikon-z5iic-canon-r8-mark-ii-1111-sale.jpg (1024x576 -> 1024x530, 35246B)
[2026-10-05T17:22:02.934Z] quota 402: nikon-z5iic-canon-r8-mark-ii-convocation-gig.jpg (attempt 1) - backing off 75s
[2026-10-05T17:23:22.424Z] saved: nikon-z5iic-canon-r8-mark-ii-convocation-gig.jpg (1024x576 -> 1024x530, 36022B)
[2026-10-05T17:23:22.425Z] done: ok=5 failed=0 force=true seedExtra=1
[2026-10-05T17:26:26.849Z] saved: nikon-z5iic-canon-r8-mark-ii-specs-compare.jpg (1024x576 -> 1024x530, 30290B)
[2026-10-05T17:26:26.853Z] done: ok=1 failed=0 force=true seedExtra=2
[2026-10-05T17:26:27.701Z] quota 402: nikon-z5iic-canon-r8-mark-ii-used-buy.jpg (attempt 1) - backing off 75s
[2026-10-05T17:27:46.454Z] saved: nikon-z5iic-canon-r8-mark-ii-used-buy.jpg (1024x576 -> 1024x530, 28148B)
[2026-10-05T17:27:46.454Z] done: ok=1 failed=0 force=true seedExtra=2
[2026-10-05T17:29:05.720Z] saved: nikon-z5iic-canon-r8-mark-ii-used-buy.jpg (1024x576 -> 1024x530, 39414B)
[2026-10-05T17:29:05.724Z] done: ok=1 failed=0 force=true seedExtra=3
[2026-10-05T17:29:44.335Z] quota 402: nikon-z5iic-canon-r8-mark-ii-used-buy.jpg (attempt 1) - backing off 75s
[2026-10-05T17:31:04.848Z] saved: nikon-z5iic-canon-r8-mark-ii-used-buy.jpg (1024x576 -> 1024x530, 34887B)
[2026-10-05T17:31:04.848Z] done: ok=1 failed=0 force=true seedExtra=4
[2026-10-05T17:31:49.314Z] saved: nikon-z5iic-canon-r8-mark-ii-used-buy.jpg (1024x576 -> 1024x530, 31558B)
[2026-10-05T17:31:49.316Z] done: ok=1 failed=0 force=true seedExtra=5
[2026-10-05T17:32:24.079Z] skip (exists): nikon-z5iic-canon-r8-mark-ii-buy-window-malaysia-2026.jpg
[2026-10-05T17:32:24.081Z] skip (exists): nikon-z5iic-canon-r8-mark-ii-specs-compare.jpg
[2026-10-05T17:32:24.082Z] skip (exists): nikon-z5iic-canon-r8-mark-ii-used-buy.jpg
[2026-10-05T17:32:24.082Z] skip (exists): nikon-z5iic-canon-r8-mark-ii-1111-sale.jpg
[2026-10-05T17:32:24.083Z] skip (exists): nikon-z5iic-canon-r8-mark-ii-convocation-gig.jpg
[2026-10-05T17:32:24.083Z] done: ok=5 failed=0 force=false seedExtra=0
[2026-10-05T17:35:45.151Z] saved: nikon-z5iic-canon-r8-mark-ii-used-buy.jpg (1024x576 -> 1024x530, 31406B)
[2026-10-05T17:35:45.153Z] done: ok=1 failed=0 force=true seedExtra=100
[2026-10-05T17:36:10.553Z] quota 402: nikon-z5iic-canon-r8-mark-ii-used-buy.jpg (attempt 1) - backing off 75s
[2026-10-05T17:37:29.862Z] saved: nikon-z5iic-canon-r8-mark-ii-used-buy.jpg (1024x576 -> 1024x530, 37975B)
[2026-10-05T17:37:29.862Z] done: ok=1 failed=0 force=true seedExtra=101
[2026-10-05T17:43:13.447Z] saved: nikon-z5iic-canon-r8-mark-ii-used-buy.jpg (1024x576 -> 1024x530, 45634B)
[2026-10-05T17:43:13.449Z] done: ok=1 failed=0 force=true seedExtra=200
