wikimedia entries: 43
saved: nikon-d3100-review-malaysia-second-hand-price (108KB)
saved: iphone-15-content-creation-malaysia (222KB)
saved: insta360-x4-review-malaysia (122KB)
saved: dji-osmo-action-5-pro-review (30KB)
saved: dji-mini-4-pro-review-malaysia (36KB)
saved: dji-mavic-3-classic-review-malaysia (81KB)
saved: canon-eos-r50-review-malaysia (114KB)
saved: xiaomi-14-ultra-review-malaysia (132KB)
saved: sony-zv-e10-review-malaysia-second-hand (221KB)
saved: gopro-hero-13-review-malaysia (31KB)
saved: iphone-16-pro-content-creation-malaysia (131KB)
saved: samsung-galaxy-s25-ultra-review-malaysia (89KB)
saved: google-pixel-9-pro-review-malaysia (295KB)
saved: xiaomi-15-ultra-review-malaysia (22KB)
saved: sony-zv-e10-ii-review-malaysia (73KB)
saved: dji-osmo-pocket-3-review-malaysia (293KB)
saved: insta360-ace-pro-2-review-malaysia (156KB)
saved: panasonic-lumix-s9-review-malaysia (102KB)
saved: sony-a6700-review-malaysia (76KB)
saved: nikon-z50-ii-review-malaysia (160KB)
saved: canon-eos-r8-review-malaysia (65KB)
saved: dji-mavic-4-review-malaysia (70KB)
saved: dji-air-3s-review-malaysia (47KB)
saved: dji-mini-5-review-malaysia (62KB)
saved: dji-neo-review-malaysia (147KB)
saved: dji-osmo-action-4-review-malaysia (142KB)
saved: gopro-hero-14-review-malaysia (81KB)
saved: fujifilm-x100vi-review-malaysia (105KB)
saved: fujifilm-x-m5-review-malaysia (177KB)
saved: canon-eos-r6-mark-ii-review-malaysia (145KB)
saved: sony-a7c-ii-review-malaysia (157KB)
saved: insta360-x5-review-malaysia (2292KB)
saved: iphone-17-pro-content-creation-malaysia (176KB)
saved: dji-mini-3-pro-review-malaysia (241KB)
saved: gopro-hero-12-review-malaysia (42KB)
saved: canon-70d-review-malaysia (96KB)
saved: nikon-d7200-review-malaysia (92KB)
saved: sony-a6000-review-malaysia-second-hand (133KB)
saved: fujifilm-x-t2-review-malaysia (163KB)
saved: fujifilm-x100vi-hype-worth-it-malaysia (105KB)
saved: insta360-x5-vs-x4-malaysia-review (2292KB)
saved: iphone-17-pro-vs-mirrorless-malaysia-2026 (176KB)
saved: dji-mini-3-pro-vs-mini-4-pro-malaysia (241KB)
rewritten entries: 43
ALL localized.
